System.Exception: IsTrue failed, expression was:

x + 5 == d.Month * y
. .   __ . .   . . .
. .   |  . .   . . .
. |   |  . \_ _/ | .
| |   |  .   |   | |
| |   |  |   |   | 6
| |   |  |   |   18
| |   |  |   3
| |   |  1/03/2010 12:00:00 a.m.
| |   False
| 16
11

   at PowerAssert.PAssert.IsTrue(Expression`1 expression) in ...\PAssert.cs
   at PowerAssertTests.Approvals.EndToEndTest.ApproveException(Expression`1 func) in ...\EndToEndTest.cs