new List<string>(5).Count == 0
.               .   .   . __
.               .   \_ _/ |
\_______ _______/     |   |
        |             |   True
        |             0
        []