f.Compile()(a, x) == 5.678
. .     .   .  .  __
. \__ __/   .  .  |
.    |      .  .  |
|    |      |  |  False
|    |      |  1.234
|    |      11
|    delegate Func<int, double, double>, type: double (Closure, int, double)
(A, X) => (Convert(A) * Log(X))