new List<string>(5){Capacity = ten}.Capacity == 10
.               .              . .  .      . __
.               .              . .  \__ ___/ |
\_______ _______/              . .     |     |
        |                      \ /     |     |
        |                       |      |     True
        |                       |      10
        |                       10
        []