System.Exception: IsTrue failed, expression was:

x.Equals(x)
. \_ __/ .
.   |    .
|   |    PowerAssertTests.EndToEndTest+BrokenClass
|   False, type BrokenClass has a broken equality implementation (both sides are the same object)
PowerAssertTests.EndToEndTest+BrokenClass
   at PowerAssert.PAssert.IsTrue(Expression`1 expression) in ...\PAssert.cs
   at PowerAssertTests.EndToEndTest.ApproveException(Expression`1 func) in ...\EndToEndTest.cs